13:34:49 **** Incremental Build of configuration Debug for project Bai3_Lcd_button ****
make -j8 all 
arm-none-eabi-gcc "../Core/Src/main.c" -mcpu=cortex-m4 -std=gnu11 -g3 -DDEBUG -DUSE_HAL_DRIVER -DSTM32F407xx -c -I../Core/Inc -I../Drivers/STM32F4xx_HAL_Driver/Inc -I../Drivers/STM32F4xx_HAL_Driver/Inc/Legacy -I../Drivers/CMSIS/Device/ST/STM32F4xx/Include -I../Drivers/CMSIS/Include -O0 -ffunction-sections -fdata-sections -Wall -fstack-usage -fcyclomatic-complexity -MMD -MP -MF"Core/Src/main.d" -MT"Core/Src/main.o" --specs=nano.specs -mfpu=fpv4-sp-d16 -mfloat-abi=hard -mthumb -o "Core/Src/main.o"
In file included from ../Core/Inc/all_header.h:14,
                 from ../Core/Src/main.c:29:
../Core/Inc/lcd.h:83:13: warning: 'LCD_WR_DATA' declared 'static' but never defined [-Wunused-function]
   83 | static void LCD_WR_DATA(uint16_t data);
      |             ^~~~~~~~~~~
../Core/Inc/lcd.h:84:17: warning: 'LCD_RD_DATA' declared 'static' but never defined [-Wunused-function]
   84 | static uint16_t LCD_RD_DATA(void);
      |                 ^~~~~~~~~~~
arm-none-eabi-gcc -o "Bai3_Lcd_button.elf" @"objects.list"   -mcpu=cortex-m4 -T"D:\BK\HK231\ES\Lab_345\BKIT_ARM4_Bai3_Lcd_button-main\Bai3_Lcd_button\STM32F407ZGTX_FLASH.ld" --specs=nosys.specs -Wl,-Map="Bai3_Lcd_button.map" -Wl,--gc-sections -static --specs=nano.specs -mfpu=fpv4-sp-d16 -mfloat-abi=hard -mthumb -Wl,--start-group -lc -lm -Wl,--end-group
Finished building target: Bai3_Lcd_button.elf
 
arm-none-eabi-size  Bai3_Lcd_button.elf 
arm-none-eabi-objdump -h -S Bai3_Lcd_button.elf  > "Bai3_Lcd_button.list"
   text	   data	    bss	    dec	    hex	filename
  19112	     60	   1956	  21128	   5288	Bai3_Lcd_button.elf
Finished building: default.size.stdout
 
Finished building: Bai3_Lcd_button.list
 

13:34:50 Build Finished. 0 errors, 2 warnings. (took 1s.36ms)

